// Jest Snapshot v1, https://goo.gl/fbAQLP

exports[`UserPage component should render component properly 1`] = `
<div
  className="userProfile"
>
  <h1>
    Vasua Pupkin
  </h1>
  <p
    data-testid="user-text"
    onClick={[Function]}
  >
    coder
  </p>
</div>
`;
